Accelerate
Alamofire
AppKit
ApprovalTests_iOS
ApprovalTests_Swift
ArgumentParser
ArgumentParserTestHelpers
ArgumentParserToolInfo
Auth0
Auth0ObjectiveC
AuthenticationServices
AVFoundation
AVKit
Benchmark
CasePaths
CDispatch
Charts
Cocoa
Combine
CommonCrypto
Core//
CoreFoundation
CoreGraphics
CoreImage
CoreLocation
CoreMotion
CoreServices
CRT
CustomDump
CwlCatchExceptionSupport
CwlMachBadInstructionHandler
Danger
DangerSwiftProse
DangerXCodeSummary
Darwin
Dispatch
Foundation
FoundationNetworking
GameKit
Glibc
ImageIO
JWTDecode
Kingfisher
LocalAuthentication
Lottie
MachO
MobileCoreServices
Moya
Nimble
NimbleTests
NSObject_Rx
ObjectiveC
OHHTTPStubs
OHHTTPStubsSwift
os
PackageConfig
PackageDescription
Photos
PlaygroundSupport
Quick
QuickSpecBase
QuickTests
ReactiveMoya
ReactiveSwift
ReactiveSwiftTests
RealmSwift
RxBlocking
RxCocoa
RxCocoaRuntime
RxExample_iOS
RxMoya
RxRelay
RxSwift
RxTest
SafariServices
SamplePhoneApp
SimpleKeychain
SomePackage
SomePackageTests
Speech
StoreKit
SwiftUI
SystemConfiguration
TVUIKit
UIKit
UserNotifications
UserNotificationsUI
WatchKit
WebKit
WinSDK
XCGrapherCLIParser
XCGrapherLib
XCTest
XCTestDynamicOverlay
