{
  "dependencies" : [
    {
      "identity" : "alamofire",
      "name" : "Alamofire",
      "relationship" : [

      ],
      "url" : "https:\/\/github.com\/Alamofire\/Alamofire.git",
      "version" : "5.4.3"
    },
    {
      "identity" : "kingfisher",
      "name" : "Kingfisher",
      "relationship" : [

      ],
      "url" : "https:\/\/github.com\/onevcat\/Kingfisher.git",
      "version" : "6.3.0"
    },
    {
      "identity" : "moya",
      "name" : "Moya",
      "relationship" : [
        "alamofire",
        "reactiveswift",
        "rxswift"
      ],
      "url" : "https:\/\/github.com\/Moya\/Moya.git",
      "version" : "14.0.0"
    },
    {
      "identity" : "reactiveswift",
      "name" : "ReactiveSwift",
      "relationship" : [

      ],
      "url" : "https:\/\/github.com\/Moya\/ReactiveSwift.git",
      "version" : "6.1.0"
    },
    {
      "identity" : "rxswift",
      "name" : "RxSwift",
      "relationship" : [

      ],
      "url" : "https:\/\/github.com\/ReactiveX\/RxSwift.git",
      "version" : "5.1.3"
    },
    {
      "identity" : "swift-case-paths",
      "name" : "swift-case-paths",
      "relationship" : [
        "xctest-dynamic-overlay"
      ],
      "url" : "https:\/\/github.com\/pointfreeco\/swift-case-paths",
      "version" : "0.14.1"
    },
    {
      "identity" : "xctest-dynamic-overlay",
      "name" : "xctest-dynamic-overlay",
      "relationship" : [

      ],
      "url" : "https:\/\/github.com\/pointfreeco\/xctest-dynamic-overlay",
      "version" : "0.8.4"
    }
  ],
  "edges" : [
    {
      "a" : "CasePaths",
      "b" : "XCTestDynamicOverlay",
      "tags" : "spm"
    },
    {
      "a" : "Core",
      "b" : "CasePaths",
      "tags" : "spm"
    },
    {
      "a" : "Moya",
      "b" : "Alamofire",
      "tags" : "spm"
    },
    {
      "a" : "SomePackage",
      "b" : "Alamofire",
      "tags" : "spm"
    },
    {
      "a" : "SomePackage",
      "b" : "Core",
      "tags" : "spm"
    },
    {
      "a" : "SomePackage",
      "b" : "Kingfisher",
      "tags" : "spm"
    },
    {
      "a" : "SomePackage",
      "b" : "Moya",
      "tags" : "spm"
    }
  ],
  "products" : {
    "Alamofire" : [
      "Alamofire"
    ],
    "Core" : [
      "CasePaths"
    ],
    "Kingfisher" : [
      "Kingfisher"
    ],
    "Moya" : [
      "Moya",
      "ReactiveMoya",
      "RxMoya"
    ],
    "ReactiveSwift" : [
      "ReactiveSwift"
    ],
    "RxSwift" : [
      "RxSwift",
      "RxCocoa",
      "RxRelay",
      "RxBlocking",
      "RxTest"
    ],
    "SomePackage" : [
      "Core",
      "Kingfisher",
      "Moya",
      "Alamofire"
    ],
    "SomePackageTests" : [
      "SomePackage"
    ],
    "swift-case-paths" : [
      "CasePaths",
      "swift-case-paths-benchmark"
    ],
    "xctest-dynamic-overlay" : [
      "XCTestDynamicOverlay"
    ]
  }
}
