  "Alamofire" -> "Combine"                  // apple
  "Alamofire" -> "CoreServices"             // apple
  "Alamofire" -> "Foundation"               // apple
  "Alamofire" -> "MobileCoreServices"       // apple
  "Alamofire" -> "SystemConfiguration"      // apple
  "CasePaths" -> "Foundation"               // apple
  "CasePaths" -> "XCTestDynamicOverlay"     // spm
  "Core" -> "CasePaths"                     // spm
  "Core" -> "Foundation"                    // apple
  "Kingfisher" -> "Accelerate"              // apple
  "Kingfisher" -> "AppKit"                  // apple
  "Kingfisher" -> "AVKit"                   // apple
  "Kingfisher" -> "Combine"                 // apple
  "Kingfisher" -> "CoreGraphics"            // apple
  "Kingfisher" -> "CoreImage"               // apple
  "Kingfisher" -> "CoreServices"            // apple
  "Kingfisher" -> "Foundation"              // apple
  "Kingfisher" -> "ImageIO"                 // apple
  "Kingfisher" -> "MobileCoreServices"      // apple
  "Kingfisher" -> "SwiftUI"                 // apple
  "Kingfisher" -> "TVUIKit"                 // apple
  "Kingfisher" -> "UIKit"                   // apple
  "Kingfisher" -> "WatchKit"                // apple
  "Moya" -> "Alamofire"                     // spm
  "Moya" -> "AppKit"                        // apple
  "Moya" -> "Foundation"                    // apple
  "Moya" -> "UIKit"                         // apple
  "SomePackage" -> "Alamofire"              // spm
  "SomePackage" -> "Core"                   // spm
  "SomePackage" -> "CoreGraphics"           // apple
  "SomePackage" -> "Foundation"             // apple
  "SomePackage" -> "Kingfisher"             // spm
  "SomePackage" -> "Moya"                   // spm
  "XCTestDynamicOverlay" -> "Foundation"    // apple
  "XCTestDynamicOverlay" -> "XCTest"        // apple
