/Users/yuyu/code/xcgrapher/Tests/SampleProjects/SomePackage_TwoTarget/.build/checkouts
