{
  "identity": "somepackage_twotarget",
  "name": "SomePackage",
  "url": "/Users/yuyu/code/xcgrapher/Tests/SampleProjects/SomePackage_TwoTarget",
  "version": "unspecified",
  "path": "/Users/yuyu/code/xcgrapher/Tests/SampleProjects/SomePackage_TwoTarget",
  "dependencies": [
    {
      "identity": "kingfisher",
      "name": "Kingfisher",
      "url": "https://github.com/onevcat/Kingfisher.git",
      "version": "6.3.0",
      "path": "/Users/yuyu/code/xcgrapher/Tests/SampleProjects/SomePackage_TwoTarget/.build/checkouts/Kingfisher",
      "dependencies": [

      ]
    },
    {
      "identity": "moya",
      "name": "Moya",
      "url": "https://github.com/Moya/Moya.git",
      "version": "14.0.0",
      "path": "/Users/yuyu/code/xcgrapher/Tests/SampleProjects/SomePackage_TwoTarget/.build/checkouts/Moya",
      "dependencies": [
        {
          "identity": "alamofire",
          "name": "Alamofire",
          "url": "https://github.com/Alamofire/Alamofire.git",
          "version": "5.4.3",
          "path": "/Users/yuyu/code/xcgrapher/Tests/SampleProjects/SomePackage_TwoTarget/.build/checkouts/Alamofire",
          "dependencies": [

          ]
        },
        {
          "identity": "reactiveswift",
          "name": "ReactiveSwift",
          "url": "https://github.com/Moya/ReactiveSwift.git",
          "version": "6.1.0",
          "path": "/Users/yuyu/code/xcgrapher/Tests/SampleProjects/SomePackage_TwoTarget/.build/checkouts/ReactiveSwift",
          "dependencies": [

          ]
        },
        {
          "identity": "rxswift",
          "name": "RxSwift",
          "url": "https://github.com/ReactiveX/RxSwift.git",
          "version": "5.1.3",
          "path": "/Users/yuyu/code/xcgrapher/Tests/SampleProjects/SomePackage_TwoTarget/.build/checkouts/RxSwift",
          "dependencies": [

          ]
        }
      ]
    },
    {
      "identity": "alamofire",
      "name": "Alamofire",
      "url": "https://github.com/Alamofire/Alamofire.git",
      "version": "5.4.3",
      "path": "/Users/yuyu/code/xcgrapher/Tests/SampleProjects/SomePackage_TwoTarget/.build/checkouts/Alamofire",
      "dependencies": [

      ]
    },
    {
      "identity": "swift-case-paths",
      "name": "swift-case-paths",
      "url": "https://github.com/pointfreeco/swift-case-paths",
      "version": "0.14.1",
      "path": "/Users/yuyu/code/xcgrapher/Tests/SampleProjects/SomePackage_TwoTarget/.build/checkouts/swift-case-paths",
      "dependencies": [
        {
          "identity": "xctest-dynamic-overlay",
          "name": "xctest-dynamic-overlay",
          "url": "https://github.com/pointfreeco/xctest-dynamic-overlay",
          "version": "0.8.4",
          "path": "/Users/yuyu/code/xcgrapher/Tests/SampleProjects/SomePackage_TwoTarget/.build/checkouts/xctest-dynamic-overlay",
          "dependencies": [

          ]
        }
      ]
    }
  ]
}

