  "Algorithms" -> "RealModule"        // spm
  "Charts" -> "Algorithms"            // spm
  "RealModule" -> "_NumericsShims"    // spm
  "RealmSwift" -> "Realm"             // spm
  "SomeApp" -> "Charts"               // spm
  "SomeApp" -> "Lottie"               // spm
  "SomeApp" -> "RealmSwift"           // spm
  "SomeApp" -> "SomeAppCore"          // spm

Charts: `Charts`, `ChartsDynamic`
Lottie: `Lottie`
Realm: `Realm`, `RealmSwift`
RealmDatabase: `RealmStorage`, `RealmQueryParser`, `RealmSyncClient`, `RealmObjectStore`, `RealmCapi`, `RealmFFI`, `ObjectStoreTests`, `CapiTests`
SomeAppCore: `SomeAppCore`
swift-algorithms: `Algorithms`
swift-numerics: `ComplexModule`, `Numerics`, `RealModule`, `ComplexLog1p`, `ComplexLog`
