  "Auth0" -> "JWTDecode"
  "Auth0" -> "SimpleKeychain"
  "Moya" -> "Moya/Core"
  "Moya/Core" -> "Alamofire"
  "NSObject_Rx" -> "RxSwift"
  "RxCocoa" -> "RxRelay"
  "RxCocoa" -> "RxSwift"
  "RxRelay" -> "RxSwift"
  "SomeApp" -> "Auth0"
  "SomeApp" -> "Moya"
  "SomeApp" -> "NSObject_Rx"
  "SomeApp" -> "RxCocoa"
  "SomeApp" -> "RxSwift"
