  "Algorithms" -> "RealModule"
  "Auth0" -> "JWTDecode"
  "Auth0" -> "SimpleKeychain"
  "Charts" -> "Algorithms"
  "Charts" -> "AppKit"
  "Charts" -> "Cocoa"
  "Charts" -> "CoreGraphics"
  "Charts" -> "Foundation"
  "Charts" -> "Quartz"
  "Charts" -> "QuartzCore"
  "Charts" -> "UIKit"
  "Lottie" -> "AppKit"
  "Lottie" -> "CoreGraphics"
  "Lottie" -> "CoreText"
  "Lottie" -> "Foundation"
  "Lottie" -> "QuartzCore"
  "Lottie" -> "UIKit"
  "Moya" -> "Moya/Core"
  "Moya/Core" -> "Alamofire"
  "NSObject_Rx" -> "RxSwift"
  "RealModule" -> "_NumericsShims"
  "RealmSwift" -> "Combine"
  "RealmSwift" -> "Foundation"
  "RealmSwift" -> "Realm"
  "RealmSwift" -> "SwiftUI"
  "RxCocoa" -> "RxRelay"
  "RxCocoa" -> "RxSwift"
  "RxRelay" -> "RxSwift"
  "SomeApp" -> "Auth0"
  "SomeApp" -> "AVFoundation"
  "SomeApp" -> "Charts"
  "SomeApp" -> "Foundation"
  "SomeApp" -> "Lottie"
  "SomeApp" -> "Moya"
  "SomeApp" -> "NSObject_Rx"
  "SomeApp" -> "RealmSwift"
  "SomeApp" -> "RxCocoa"
  "SomeApp" -> "RxSwift"
  "SomeApp" -> "SomeAppCore"
  "SomeApp" -> "UIKit"
